[BOOT] Booting Emu68 runtime/AArch64 BigEndian
[BOOT] Machine: Raspberry Pi 3 Model B Rev 1.2
[BOOT] Boot address is 0xffffff80000800a0
[BOOT] Build ID: d9c0d1187df11dbb28da84722bac34c7f1e4adaa
[BOOT] ARM stack top at 0xffffff8000080000
[BOOT] Bootstrap ends at 0xffffff800088a000
[BOOT] Kernel args (0x000000002eebb500)
[BOOT] Disassembler set up
[BOOT] VC4 framebuffer memory: 0x0000000032e00000-0x0000000033dfffff (16 MiB)
[BOOT] Unicam framebuffer memory: 0x0000000032a00000-0x0000000032bfffff (2 MiB)
[BOOT] System memory: 0x0000000000000000-0x00000000307fffff (776 MiB)
[BOOT] Local memory pools:
[BOOT]    SYS:        0xffffff800088a000 - 0xffffff8001ffffff (size: 24024 KiB)
[BOOT]    JIT (m68k): 0xffffffe000000000 - 0xffffffe003ffffff (size: 65536 KiB)
[BOOT] Moving kernel from 0x0000000000000000 to 0x0000000030800000
[BOOT] Top of RAM (32bit): 30800000
[BOOT] Kernel moved, MMU tables updated
[BOOT] MMU tables at 0x0000000030c63000 and 0x0000000030c62000
[BOOT] TLB invalidated
[BOOT] Calling init function @ 0xffffff80001a52a0
[BOOT] Calling init function @ 0xffffff80001a53c0
[BOOT] Found Legacy INTC @ 0x00000000f3000000
[BOOT] Setting IRQ routing to core 0
[BOOT] Enabling PMU and Timer interrupts on core 0
[BOOT] Enabling Timer interrupts on core 3
[BOOT] Disabling mailbox interrupts
[BOOT] Waking up CPU 1
[BOOT] Boot address set to 0x0000000030880420, stack at 0xffffff80009f59a0
[BOOT] Started CPU1
[BOOT] Waking up CPU 2
[BOOT] Boot address set to 0x0000000030880420, stack at 0xffffff8000a059b0
[BOOT] Started CPU2
[BOOT] Waking up CPU 3
[BOOT] Boot address set to 0x0000000030880420, stack at 0xffffff8000a159c0
[BOOT] Started CPU3
[BOOT] VBAR set to 0xffffff80001a5800
[BOOT] Timer frequency: 19200 kHz
[BOOT] PMCR=41033005
[BOOT] Platform post init
[BOOT] Changing ARM clock from 600 MHz to 1200 MHz
[BOOT] ARM Clock at 1200 MHz
[BOOT] CORE Clock at 400 MHz
[BOOT] VC4 memory: 0x0000000038000000-0x000000003fffffff
[BOOT] Display size is 1920x1080
[BOOT] Framebuffer @ 3e7fe000
[BOOT] Logo start coordinate: 868x474, size: 183x132
[BOOT] Loading ELF executable from 0xffffff80008a5880-0xffffff80009e08e0 to 0x00                                                                                                                                                             00000030600000
[BOOT] Adjusting memory blocks (Emu68 keeps up to 0x0000000002000000)
[BOOT]   0x0000000000000000 - 0x00000000307fffff Raising past Emu68's own memory                                                                                                                                                              to 0x0000000002000000 - 0x00000000307fffff Trimming to 0x0000000002000000 - 0x0                                                                                                                                                             0000000305fffff
[CACHE] Cache setup. Cache sizeof=22016
[CACHE] Way count: 8, Set count: 128
[CACHE] ICache @ 0xffffff80008a5880, DCache @ 0xffffff80008aae90
[ICache] Initializing caches
[ICache] Setting up LRU
[ICache] Setting up ICache
[ICache] ICache array at 0xffffff800046ff98
[BELLATRIX] machine map, 2 regions:
[BELLATRIX]   $00000000-$00000fff DIRECT   vectors + AbsExecBase (host $00000000                                                                                                                                                             )
[BELLATRIX]   $00001000-$00ffffff UNMAPPED classic domain, unclassified
[JIT]
[JIT] M68K Context:
[JIT]     D0 = 0x00000f00    D1 = 0x00000780    D2 = 0x00000438    D3 = 0x000000                                                                                                                                                             00
[JIT]     D4 = 0x00000000    D5 = 0x00000000    D6 = 0x00000000    D7 = 0x000000                                                                                                                                                             00
[JIT]     A0 = 0x3e7fe000    A1 = 0x00000000    A2 = 0x00000000    A3 = 0x000000                                                                                                                                                             00
[JIT]     A4 = 0x00000000    A5 = 0x00000000    A6 = 0x307f7000    A7 = 0x000000                                                                                                                                                             00
[JIT]     PC = 0x30600000    SR = T0|S.|IPM7|.....
[JIT]     CACR=0x00000000    VBR= 0x00000000
[JIT]     USP= 0x00000000    MSP= 0x00000000    ISP= 0x305feffc
[JIT]     FP0 = 7fffffffffffffff (NaN)    FP1 = 7fffffffffffffff (NaN)
[JIT]     FP2 = 7fffffffffffffff (NaN)    FP3 = 7fffffffffffffff (NaN)
[JIT]     FP4 = 7fffffffffffffff (NaN)    FP5 = 7fffffffffffffff (NaN)
[JIT]     FP6 = 7fffffffffffffff (NaN)    FP7 = 7fffffffffffffff (NaN)
[JIT]     FPSR=0x00000000    FPIAR=0x00000000   FPCR=0x0000
[JIT] Let it go...
[AROS/Emu68] BootUI: STARTING BELLATRIX...
[AROS/Emu68] native m68k bootstrap
[AROS/Emu68] heap 0x02000000-0x305fffff
[BELLATRIX] bus R16 addr=00e80000 pc=3060032e [classic domain, unclassified] (#1                                                                                                                                                             )
[AROS/Emu68] BootUI: STARTING EXEC...
[AROS/Emu68] ExecBase ready
[AROS/Emu68] BootUI: INITIALIZING SYSTEM...
[AROS/Emu68] InitCode SINGLETASK
[AROS/Emu68] kernel init hooks begin
[AROS/Emu68] kernel init hooks complete
[AROS/Emu68] BootUI: STARTING KERNEL...
[AROS/Emu68] kernel.resource ready
[AROS/Emu68] BootUI: LOADING SYSTEM...
[AROS/Emu68] InitCode COLDSTART in user mode
[AROS/Emu68] platform timer enabled
[AROS/Emu68] supervisor stack swapped
[BTUART] ready: PL011=0xf2201000 clock=48000000 mbox=yes
[AROS/Emu68] BootUI [00:00.360] retargeted to RGB32 framebuffer
[VC4HVS] ID=0x64647276 DISPCTRL=0x9a0c0fff DISPSTAT=0x00000000 DISPLSTAT=0x30000                                                                                                                                                             000
[VC4HVS] expecting fb: phys=0x3d827000 pitch=7680 1920x1080
[VC4HVS] ch0: LIST=0000 LACT=0000 CTRL=00000000 BKGND=00000000 STAT=1266f000 BAS                                                                                                                                                             E=50ff3c90
[VC4HVS] ch1: LIST=0994 LACT=0994 CTRL=80780438 BKGND=01000000 STAT=a0034131 BAS                                                                                                                                                             E=3c8f0800
[VC4HVS]  walking active list of ch1:
[VC4HVS]   [2452] entry, 7 words: 47007817 ff000000 44380780 01360000 fd827000 f                                                                                                                                                             db34e00 00001e00
[VC4HVS]     fmt=RGBA8888 order=3 unity=1 valid=1
[VC4HVS]     pos0: x=0 y=0 alpha=255 pos2: w=1920 h=1080 amode=1
[VC4HVS]     ptr0=0xfd827000 pitch=7680 <= MATCHES FBALLOC page0 (0x3d827000) pi                                                                                                                                                             tch-match
[VC4HVS]   [2459] 0x80000000 END
[VC4HVS] ch2: LIST=0000 LACT=0000 CTRL=00000000 BKGND=00000000 STAT=10000000 BAS                                                                                                                                                             E=07ff0000
[VC4HVS] scan: fb pointer 0xfd827000 at word 2456
[VC4HVS] scan: words 0..15: 80000000 00000000 00000000 00000000 80000000 cb229a3                                                                                                                                                             4 21c18640 83dfd05e b104a3f1 cc77796b 8e6f95c8 fe7568cc 44414bbf d050bf7c 002549                                                                                                                                                             b3 43590195
[VC4HVS] PV0 @ 0xf2206000: CTRL=00048000 VCTRL=00000000 INTEN=00000000 INTSTAT=0                                                                                                                                                             0000000 STAT=00000000
[VC4HVS] PV1 @ 0xf2207000: CTRL=00048000 VCTRL=00000000 INTEN=00000000 INTSTAT=0                                                                                                                                                             0000000 STAT=00000000
[VC4HVS] PV2 @ 0xf2807000: CTRL=00177005 VCTRL=00000003 INTEN=00000000 INTSTAT=0                                                                                                                                                             0000000 STAT=00000444 enabled
[VC4HVS] PV2: hactive=1920 hfp=88 hsync=44 hbp=148 vactive=1080 vfp=4 vsync=5 vb                                                                                                                                                             p=36
[VC4HVS] fw kernel @4084: 07ebfc00 07e3edf8 004805fd 01dca432 0355769b 0001c6e3                                                                                                                                                              0355769b 01dca432 004805fd 07e3edf8 07ebfc00
[VC4HVS] takeover: ACTIVE - list 3584, out 1920x1080, fb 1920x1080 -> 1920x1080                                                                                                                                                              at 0,0
[VC4HVS] vsync: probe window = 3 frames in 100000 us (vtot=1125)
[VC4HVS] vsync: bit 9 -> 0 ticks
[VC4HVS] vsync: bit 8 -> 6 ticks
[VC4HVS] vsync: bit 8 ticks per frame, using it
[VC4HVS] vsync: step6 W1C + arm INTEN=0x100
[VC4HVS] vsync: step6 ok, verifying
[VC4HVS] vsync: alive, 5 ticks during check (count=11)
[SDBus00] MMC0: [29818MB Capacity]
[DMA:probe] allocated channel 9
[DMA:probe] released channel 9
[SDBus00] controller interrupt is being delivered
[AROS/Emu68] BootUI: STARTING DOS...
FMOVEM
FMOVE to REG
FMOVE to MEM
[Kernel:TLSF] free-list corruption at REMOVE_HEADER: mhe=02000000 requirements=0                                                                                                                                                             x00000000 tlsf=02000058 bucket=19/0 block=00000000 size=0 flags=0x0 head=0000000                                                                                                                                                             0 prev=00000000 next=00000000 task=022c9678
[Kernel:TLSF] Backtrace (7 frames):
[Kernel]  306208be
[Kernel]  3062b766
[Kernel]  30626b50
[Kernel]  306cabfa
[Kernel]  306cacd2
[Kernel]  306caf22
[Kernel]  30624d80

################################################################################
#                               Software Failure!                              #
#                            Task : 0x022C9678 - CLI                           #
#                     Error: 0x80000027 - Unknown CPU error                    #
################################################################################
PC   : 0x3061FFCC
CPU context:
D0: 00000013 FFFFFFFF 00000000 00000000
D4: 00000000 00000000 00000000 00000013
A0: 3061E5A8 00000008 02000058 00000000
A4: 02000000 022F45C0 0200200C 022F4558
SR:     0004
PC: 3061FFCC
Stack trace:
0x00000000 Address not found
################################################################################
[AROS/Emu68] BootUI [00:03.460] retargeted to RGB32 framebuffer
[VC4HVS] ID=0x64647276 DISPCTRL=0x9a0c0fff DISPSTAT=0x00000000 DISPLSTAT=0x30000                                                                                                                                                             000
[VC4HVS] expecting fb: phys=0x3d827000 pitch=7680 1920x1080
[VC4HVS] ch0: LIST=0000 LACT=0000 CTRL=00000000 BKGND=00000000 STAT=119af000 BAS                                                                                                                                                             E=50ff3c90
[VC4HVS] ch1: LIST=0664 LACT=0664 CTRL=80780438 BKGND=01000000 STAT=a002e09d BAS                                                                                                                                                             E=3c8f0800
[VC4HVS]  walking active list of ch1:
[VC4HVS]   [1636] entry, 7 words: 47007817 ff000000 44380780 00a40000 fd827000 f                                                                                                                                                             da23200 00001e00
[VC4HVS]     fmt=RGBA8888 order=3 unity=1 valid=1
[VC4HVS]     pos0: x=0 y=0 alpha=255 pos2: w=1920 h=1080 amode=1
[VC4HVS]     ptr0=0xfd827000 pitch=7680 <= MATCHES FBALLOC page0 (0x3d827000) pi                                                                                                                                                             tch-match
[VC4HVS]   [1643] 0x80000000 END
[VC4HVS] ch2: LIST=0000 LACT=0000 CTRL=00000000 BKGND=00000000 STAT=10000000 BAS                                                                                                                                                             E=07ff0000
[VC4HVS] scan: fb pointer 0xfd827000 at word 1640
[VC4HVS] scan: fb pointer 0xfd827000 at word 2456
[VC4HVS] scan: fb pointer 0xfd827000 at word 3588
[VC4HVS] scan: fb pointer 0xfd827000 at word 3652
[VC4HVS] scan: words 0..15: 80000000 00000000 00000000 00000000 80000000 cb229a3                                                                                                                                                             4 21c18640 83dfd05e b104a3f1 cc77796b 8e6f95c8 fe7568cc 44414bbf d050bf7c 002549                                                                                                                                                             b3 43590195
[VC4HVS] PV0 @ 0xf2206000: CTRL=00048000 VCTRL=00000000 INTEN=00000000 INTSTAT=0                                                                                                                                                             0000000 STAT=00000000
[VC4HVS] PV1 @ 0xf2207000: CTRL=00048000 VCTRL=00000000 INTEN=00000000 INTSTAT=0                                                                                                                                                             0000000 STAT=00000000
[VC4HVS] PV2 @ 0xf2807000: CTRL=00177005 VCTRL=00000003 INTEN=00000100 INTSTAT=0                                                                                                                                                             0000000 STAT=00000444 enabled
[VC4HVS] PV2: hactive=1920 hfp=88 hsync=44 hbp=148 vactive=1080 vfp=4 vsync=5 vb                                                                                                                                                             p=36
[VC4HVS] fw kernel @4084: 07ebfc00 07e3edf8 004805fd 01dca432 0355769b 0001c6e3                                                                                                                                                              0355769b 01dca432 004805fd 07e3edf8 07ebfc00
[VC4HVS] takeover: ACTIVE - list 3584, out 1920x1080, fb 1920x1080 -> 1920x1080                                                                                                                                                              at 0,0
[VC4HVS] vsync: step6 W1C + arm INTEN=0x100
[VC4HVS] vsync: step6 ok, verifying
[VC4HVS] vsync: alive, 5 ticks during check (count=178)
[AROS/Emu68] BootUI: STARTING SERVICES...
[USB2OTG] HS OTG Core Release: OT2.80a
[USB2OTG] Architecture: 2 - Internal DMA
[USB2OTG] HS OTG USB Driver Initialised
[USB2OTG] Init: Core soft reset, GRSTCTL=80000000
[USB2OTG] Init: CSFTRST written, GRSTCTL=80000000
[USB2OTG] Init: Core reset complete, GRSTCTL=80000000
[USB2OTG] Host clock: 30-60Mhz (default)
[USB2OTG] Init: Halting 8 host channels
[USB2OTG] Init: Powering On Host Port
[USB2OTG] Init: Device connected, resetting port
FMUL
FBcc
FCMP
FADD
FMOVE from SPECIAL
FMOVE to SPECIAL
FDIV
[AROS/Emu68] BootUI: STARTING WANDERER...
[AROS/Emu68] BootUI [00:13.840] display takeover: direct scanout
[AROS/Emu68] BootUI: retarget ignored (inactive)
[VC4HVS] ID=0x64647276 DISPCTRL=0x9a0c0fff DISPSTAT=0x00000000 DISPLSTAT=0x30000                                                                                                                                                             000
[VC4HVS] expecting fb: phys=0x3e851000 pitch=3200 800x600
[VC4HVS] ch0: LIST=0000 LACT=0000 CTRL=00000000 BKGND=00000000 STAT=12652000 BAS                                                                                                                                                             E=50ff3c90
[VC4HVS] ch1: LIST=0994 LACT=0994 CTRL=80780438 BKGND=01000000 STAT=a003f052 BAS                                                                                                                                                             E=3c8f0800
[VC4HVS]  walking active list of ch1:
[VC4HVS]   [2452] entry, 14 words: 4e007807 ff0000f0 043805a0 42580320 00530000                                                                                                                                                              fe851000 fe8c0b80 00000c80 0000a300 408e3860 408e3860 c0010c68 00000ff4 00000ff4
[VC4HVS]     fmt=RGBA8888 order=3 unity=0 valid=1
[VC4HVS]     pos1: dest w=1440 h=1080 (scaled)
[VC4HVS]     pos0: x=240 y=0 alpha=255 pos2: w=800 h=600 amode=1
[VC4HVS]     ptr0=0xfe851000 pitch=3200 <= MATCHES FBALLOC page0 (0x3e851000) pi                                                                                                                                                             tch-match
[VC4HVS]   [2466] 0x80000000 END
[VC4HVS] ch2: LIST=0000 LACT=0000 CTRL=00000000 BKGND=00000000 STAT=10000000 BAS                                                                                                                                                             E=07ff0000
[VC4HVS] scan: fb pointer 0xfe851000 at word 2457
[VC4HVS] scan: words 0..15: 80000000 00000000 00000000 00000000 80000000 cb229a3                                                                                                                                                             4 21c18640 83dfd05e b104a3f1 cc77796b 8e6f95c8 fe7568cc 44414bbf d050bf7c 002549                                                                                                                                                             b3 43590195
[VC4HVS] PV0 @ 0xf2206000: CTRL=00048000 VCTRL=00000000 INTEN=00000000 INTSTAT=0                                                                                                                                                             0000000 STAT=00000000
[VC4HVS] PV1 @ 0xf2207000: CTRL=00048000 VCTRL=00000000 INTEN=00000000 INTSTAT=0                                                                                                                                                             0000000 STAT=00000000
[VC4HVS] PV2 @ 0xf2807000: CTRL=00177005 VCTRL=00000003 INTEN=00000100 INTSTAT=0                                                                                                                                                             0000000 STAT=00000444 enabled
[VC4HVS] PV2: hactive=1920 hfp=88 hsync=44 hbp=148 vactive=1080 vfp=4 vsync=5 vb                                                                                                                                                             p=36
[VC4HVS] fw kernel @4084: 07ebfc00 07e3edf8 004805fd 01dca432 0355769b 0001c6e3                                                                                                                                                              0355769b 01dca432 004805fd 07e3edf8 07ebfc00
[VC4HVS] takeover: ACTIVE - list 3584, out 1920x1080, fb 800x600 -> 1440x1080 at                                                                                                                                                              240,0
[VC4HVS] vsync: step6 W1C + arm INTEN=0x100
[VC4HVS] vsync: step6 ok, verifying
[VC4HVS] vsync: alive, 5 ticks during check (count=5891)
[AROS/Emu68] BootUI: retarget ignored (inactive)
[VC4HVS] ID=0x64647276 DISPCTRL=0x9a0c0fff DISPSTAT=0x00000000 DISPLSTAT=0x30000                                                                                                                                                             000
[VC4HVS] expecting fb: phys=0x3d827000 pitch=7680 1920x1080
[VC4HVS] ch0: LIST=0000 LACT=0000 CTRL=00000000 BKGND=00000000 STAT=119af000 BAS                                                                                                                                                             E=50ff3c90
[VC4HVS] ch1: LIST=0664 LACT=0664 CTRL=80780438 BKGND=01000000 STAT=a0039197 BAS                                                                                                                                                             E=3c8f0800
[VC4HVS]  walking active list of ch1:
[VC4HVS]   [1636] entry, 7 words: 47007817 ff000000 44380780 019c0000 fd827000 f                                                                                                                                                             dbf4200 00001e00
[VC4HVS]     fmt=RGBA8888 order=3 unity=1 valid=1
[VC4HVS]     pos0: x=0 y=0 alpha=255 pos2: w=1920 h=1080 amode=1
[VC4HVS]     ptr0=0xfd827000 pitch=7680 <= MATCHES FBALLOC page0 (0x3d827000) pi                                                                                                                                                             tch-match
[VC4HVS]   [1643] 0x80000000 END
[VC4HVS] ch2: LIST=0000 LACT=0000 CTRL=00000000 BKGND=00000000 STAT=10000000 BAS                                                                                                                                                             E=07ff0000
[VC4HVS] scan: fb pointer 0xfd827000 at word 1640
[VC4HVS] scan: words 0..15: 80000000 00000000 00000000 00000000 80000000 cb229a3                                                                                                                                                             4 21c18640 83dfd05e b104a3f1 cc77796b 8e6f95c8 fe7568cc 44414bbf d050bf7c 002549                                                                                                                                                             b3 43590195
[VC4HVS] PV0 @ 0xf2206000: CTRL=00048000 VCTRL=00000000 INTEN=00000000 INTSTAT=0                                                                                                                                                             0000000 STAT=00000000
[VC4HVS] PV1 @ 0xf2207000: CTRL=00048000 VCTRL=00000000 INTEN=00000000 INTSTAT=0                                                                                                                                                             0000000 STAT=00000000
[VC4HVS] PV2 @ 0xf2807000: CTRL=00177005 VCTRL=00000003 INTEN=00000100 INTSTAT=0                                                                                                                                                             0000000 STAT=00000444 enabled
[VC4HVS] PV2: hactive=1920 hfp=88 hsync=44 hbp=148 vactive=1080 vfp=4 vsync=5 vb                                                                                                                                                             p=36
[VC4HVS] fw kernel @4084: 07ebfc00 07e3edf8 004805fd 01dca432 0355769b 0001c6e3                                                                                                                                                              0355769b 01dca432 004805fd 07e3edf8 07ebfc00
[VC4HVS] takeover: ACTIVE - list 3584, out 1920x1080, fb 1920x1080 -> 1920x1080                                                                                                                                                              at 0,0
[VC4HVS] vsync: step6 W1C + arm INTEN=0x100
[VC4HVS] vsync: step6 ok, verifying
[VC4HVS] vsync: alive, 5 ticks during check (count=6333)
[Kernel:TLSF] free-list corruption at REMOVE_HEADER: mhe=033f8fc4 requirements=0                                                                                                                                                             x00000000 tlsf=033f9fcc bucket=19/0 block=00000000 size=0 flags=0x0 head=0000000                                                                                                                                                             0 prev=00000000 next=00000000 task=0324e098
[Kernel:TLSF] Backtrace (16 frames):
[Kernel]  306208be
[Kernel]  30628702
[Kernel]  033c3f34  __inline_Exec_FreeVecPooled+0x12 (NList.mcc:.text)
[Kernel]  033ae43a  Gate__Dispatcher+0xe (NList.mcc:.text)
[Kernel]  033a729a  DoSuperMethodA+0x26 (NFloattext.mcc:.text)
[Kernel]  033a7220  Gate__Dispatcher+0xe (NFloattext.mcc:.text)
[Kernel]  0334a122  SMFloattext_Dispatcher+0x3a (ScreenMode:.text)
[Kernel]  3067f166
[Kernel]  023e6370  MUIMaster_6_MUI_DisposeObject+0x1c (muimaster.library:.text)
[Kernel]  023ff742  Family__OM_DISPOSE+0x62 (muimaster.library:.text)
[Kernel]  023ffda4  Family_Dispatcher+0x108 (muimaster.library:.text)
[Kernel]  023f3e24  metaDispatcher+0x18 (muimaster.library:.text)
[Kernel]  3067f166
[Kernel]  023e6370  MUIMaster_6_MUI_DisposeObject+0x1c (muimaster.library:.text)
[Kernel]  024007b2  Group__OM_DISPOSE+0x52 (muimaster.library:.text)
[Kernel]  02403e0c  Group_Dispatcher+0x404 (muimaster.library:.text)

################################################################################
#                               Software Failure!                              #
#                        Task : 0x0324E098 - ScreenMode                        #
#                     Error: 0x80000027 - Unknown CPU error                    #
################################################################################
PC   : 0x3061FFCC
CPU context:
D0: 00000045 FFFFFFFF 00000000 00000000
D4: 00000000 00000000 00000000 00000013
A0: 3061E5A8 00000000 033F9FCC 00000000
A4: 033F8FC4 033583C0 0200200C 03358358
SR:     0004
PC: 3061FFCC
Stack trace:
0x00000000 Address not found
################################################################################
